// Jest Snapshot v1, https://goo.gl/fbAQLP

exports[`MapPage should match snapshot 1`] = `
<div class="page-wrap">
  <h1 class="page-wrap__title">Карта штата</h1>
  <div class="page-wrap__content">
    <div class="video-wrap">
      <google-map-stub></google-map-stub>
    </div>
  </div>
</div>
`;
